// Jest Snapshot v1, https://goo.gl/fbAQLP

exports[`<Starships /> can render and update a Starships 1`] = `ReactWrapper {}`;

exports[`<Starships /> it shows a list of starships 1`] = `<div />`;

exports[`<Starships /> it shows a list of starships: step 1 1`] = `<div />`;

exports[`<Starships /> it shows a list of starships: step 2 1`] = `
<Starships>
  <div>
    <div>
      Loading...
    </div>
  </div>
</Starships>
`;

exports[`<Starships /> it shows a list of starships: step 2 2`] = `
<Starships>
  <div>
    <div>
      Loading...
    </div>
  </div>
</Starships>
`;

exports[`<Starships /> it shows a list of starships: step 3 1`] = `
<Starships>
  <div>
    <div>
      Loading...
    </div>
  </div>
</Starships>
`;

exports[`<Starships /> it shows a list of starships: step 4 1`] = `
<Starships>
  <div>
    <div>
      Loading...
    </div>
  </div>
</Starships>
`;

exports[`<Starships /> it shows a list of starships: step XS 1`] = `
<Starships>
  <div>
    <div>
      Loading...
    </div>
  </div>
</Starships>
`;

exports[`<Starships /> renders correctly enzyme 1`] = `
<Starships>
  <div>
    <div>
      Loading...
    </div>
  </div>
</Starships>
`;
